              Relative Pointwise Difference              
┏━━━━━━━━━━━━━┳━━━━━━━━━━━━━┳━━━━━━━━━━━━━┳━━━━━━━━━━━━━┓
┃          vp ┃        loss ┃         out ┃    out_filt ┃
┡━━━━━━━━━━━━━╇━━━━━━━━━━━━━╇━━━━━━━━━━━━━╇━━━━━━━━━━━━━┩
│  0.0000e+00 │  0.0000e+00 │  0.0000e+00 │  0.0000e+00 │
│  1.0369e-05 │  1.3214e-03 │  3.1503e-04 │  1.7118e-04 │
│  1.5457e-05 │  1.5607e-03 │  5.4257e-04 │  3.0386e-04 │
│  4.0918e-04 │  4.3466e-02 │  7.8772e-03 │  3.3970e-03 │
│  1.6197e-04 │  1.3195e-02 │  4.2201e-03 │  4.1327e-03 │
│  1.0576e-04 │  8.8342e-03 │  1.9958e-03 │  1.3910e-03 │
│  1.4105e-04 │  8.3065e-03 │  3.2624e-03 │  2.6313e-03 │
│  1.5516e-04 │  2.3100e-02 │  2.5217e-03 │  1.6808e-03 │
│  1.6247e-04 │  4.6926e-02 │  3.6941e-03 │  4.0952e-03 │
│  1.0738e-04 │  5.7045e-04 │  2.1488e-03 │  1.8206e-03 │
└─────────────┴─────────────┴─────────────┴─────────────┘
